// Jest Snapshot v1, https://goo.gl/fbAQLP

exports[`<Home /> should render the paragraph  1`] = `
<div>
  <h1
    class="sc-bczRLJ iRkuyD minhaclasse2"
    data-testid="iddoteste"
    id="meuid2"
  >
    Titulo2
  </h1>
  <h3
    class="heading3"
  >
    heading(h2)
  </h3>
</div>
`;
